[    0.000000] Linux version 4.15.0-112-generic (buildd@lcy01-amd64-027) (gcc version 7.5.0 (Ubuntu 7.5.0-3ubuntu1~18.04)) #113-Ubuntu SMP Thu Jul 9 23:41:39 UTC 2020 (Ubuntu 4.15.0-112.113-generic 4.15.18)
[    0.000000] Command line: BOOT_IMAGE=/boot/vmlinuz-4.15.0-112-generic root=LABEL=cloudimg-rootfs ro console=tty1 console=ttyS0
[    0.000000] KERNEL supported cpus:
[    0.000000]   Intel GenuineIntel
[    0.000000]   AMD AuthenticAMD
[    0.000000]   Centaur CentaurHauls
[    0.000000] x86/fpu: Supporting XSAVE feature 0x001: 'x87 floating point registers'
[    0.000000] x86/fpu: Supporting XSAVE feature 0x002: 'SSE registers'
[    0.000000] x86/fpu: Supporting XSAVE feature 0x004: 'AVX registers'
[    0.000000] x86/fpu: xstate_offset[2]:  576, xstate_sizes[2]:  256
[    0.000000] x86/fpu: Enabled xstate features 0x7, context size is 832 bytes, using 'standard' format.
[    0.000000] e820: BIOS-provided physical RAM map:
[    0.000000] BIOS-e820: [mem 0x0000000000000000-0x000000000009fbff] usable
[    0.000000] BIOS-e820: [mem 0x000000000009fc00-0x000000000009ffff] reserved
[    0.000000] BIOS-e820: [mem 0x00000000000f0000-0x00000000000fffff] reserved
[    0.000000] BIOS-e820: [mem 0x0000000000100000-0x000000003ffeffff] usable
[    0.000000] BIOS-e820: [mem 0x000000003fff0000-0x000000003fffffff] ACPI data
[    0.000000] BIOS-e820: [mem 0x00000000fec00000-0x00000000fec00fff] reserved
[    0.000000] BIOS-e820: [mem 0x00000000fee00000-0x00000000fee00fff] reserved
[    0.000000] BIOS-e820: [mem 0x00000000fffc0000-0x00000000ffffffff] reserved
[    0.000000] NX (Execute Disable) protection: active
[    0.000000] SMBIOS 2.5 present.
[    0.000000] DMI: innotek GmbH VirtualBox/VirtualBox, BIOS VirtualBox 12/01/2006
[    0.000000] Hypervisor detected: KVM
[    0.000000] e820: last_pfn = 0x3fff0 max_arch_pfn = 0x400000000
[    0.000000] MTRR: Disabled
[    0.000000] x86/PAT: MTRRs disabled, skipping PAT initialization too.
[    0.000000] CPU MTRRs all blank - virtualized system.
[    0.000000] x86/PAT: Configuration [0-7]: WB  WT  UC- UC  WB  WT  UC- UC  
[    0.000000] found SMP MP-table at [mem 0x0009fff0-0x0009ffff]
[    0.000000] Scanning 1 areas for low memory corruption
[    0.000000] RAMDISK: [mem 0x35a69000-0x36d2bfff]
[    0.000000] ACPI: Early table checksum verification disabled
[    0.000000] ACPI: RSDP 0x00000000000E0000 000024 (v02 VBOX  )
[    0.000000] ACPI: XSDT 0x000000003FFF0030 00003C (v01 VBOX   VBOXXSDT 00000001 ASL  00000061)
[    0.000000] ACPI: FACP 0x000000003FFF00F0 0000F4 (v04 VBOX   VBOXFACP 00000001 ASL  00000061)
[    0.000000] ACPI: DSDT 0x000000003FFF0470 002325 (v02 VBOX   VBOXBIOS 00000002 INTL 20100528)
[    0.000000] ACPI: FACS 0x000000003FFF0200 000040
[    0.000000] ACPI: FACS 0x000000003FFF0200 000040
[    0.000000] ACPI: APIC 0x000000003FFF0240 00005C (v02 VBOX   VBOXAPIC 00000001 ASL  00000061)
[    0.000000] ACPI: SSDT 0x000000003FFF02A0 0001CC (v01 VBOX   VBOXCPUT 00000002 INTL 20100528)
[    0.000000] No NUMA configuration found
[    0.000000] Faking a node at [mem 0x0000000000000000-0x000000003ffeffff]
[    0.000000] NODE_DATA(0) allocated [mem 0x3ffc5000-0x3ffeffff]
[    0.000000] kvm-clock: cpu 0, msr 0:3ff44001, primary cpu clock
[    0.000000] kvm-clock: Using msrs 4b564d01 and 4b564d00
[    0.000000] kvm-clock: using sched offset of 6047400681 cycles
[    0.000000] clocksource: kvm-clock: mask: 0xffffffffffffffff max_cycles: 0x1cd42e4dffb, max_idle_ns: 881590591483 ns
[    0.000000] Zone ranges:
[    0.000000]   DMA      [mem 0x0000000000001000-0x0000000000ffffff]
[    0.000000]   DMA32    [mem 0x0000000001000000-0x000000003ffeffff]
[    0.000000]   Normal   empty
[    0.000000]   Device   empty
[    0.000000] Movable zone start for each node
[    0.000000] Early memory node ranges
[    0.000000]   node   0: [mem 0x0000000000001000-0x000000000009efff]
[    0.000000]   node   0: [mem 0x0000000000100000-0x000000003ffeffff]
[    0.000000] Reserved but unavailable: 98 pages
[    0.000000] Initmem setup node 0 [mem 0x0000000000001000-0x000000003ffeffff]
[    0.000000] ACPI: PM-Timer IO Port: 0x4008
[    0.000000] IOAPIC[0]: apic_id 2, version 32, address 0xfec00000, GSI 0-23
[    0.000000] ACPI: INT_SRC_OVR (bus 0 bus_irq 0 global_irq 2 dfl dfl)
[    0.000000] ACPI: INT_SRC_OVR (bus 0 bus_irq 9 global_irq 9 low level)
[    0.000000] Using ACPI (MADT) for SMP configuration information
[    0.000000] smpboot: Allowing 2 CPUs, 0 hotplug CPUs
[    0.000000] PM: Registered nosave memory: [mem 0x00000000-0x00000fff]
[    0.000000] PM: Registered nosave memory: [mem 0x0009f000-0x0009ffff]
[    0.000000] PM: Registered nosave memory: [mem 0x000a0000-0x000effff]
[    0.000000] PM: Registered nosave memory: [mem 0x000f0000-0x000fffff]
[    0.000000] e820: [mem 0x40000000-0xfebfffff] available for PCI devices
[    0.000000] Booting paravirtualized kernel on KVM
[    0.000000] clocksource: refined-jiffies: mask: 0xffffffff max_cycles: 0xffffffff, max_idle_ns: 7645519600211568 ns
[    0.000000] random: get_random_bytes called from start_kernel+0x99/0x500 with crng_init=0
[    0.000000] setup_percpu: NR_CPUS:8192 nr_cpumask_bits:2 nr_cpu_ids:2 nr_node_ids:1
[    0.000000] percpu: Embedded 45 pages/cpu s147456 r8192 d28672 u1048576
[    0.000000] PV qspinlock hash table entries: 256 (order: 0, 4096 bytes)
[    0.000000] Built 1 zonelists, mobility grouping on.  Total pages: 257913
[    0.000000] Policy zone: DMA32
[    0.000000] Kernel command line: BOOT_IMAGE=/boot/vmlinuz-4.15.0-112-generic root=LABEL=cloudimg-rootfs ro console=tty1 console=ttyS0
[    0.000000] Memory: 983040K/1048120K available (12300K kernel code, 2481K rwdata, 4272K rodata, 2436K init, 2720K bss, 65080K reserved, 0K cma-reserved)
[    0.000000] SLUB: HWalign=64, Order=0-3, MinObjects=0, CPUs=2, Nodes=1
[    0.000000] Kernel/User page tables isolation: enabled
[    0.000000] ftrace: allocating 39378 entries in 154 pages
[    0.004000] Hierarchical RCU implementation.
[    0.004000] 	RCU restricting CPUs from NR_CPUS=8192 to nr_cpu_ids=2.
[    0.004000] 	Tasks RCU enabled.
[    0.004000] RCU: Adjusting geometry for rcu_fanout_leaf=16, nr_cpu_ids=2
[    0.004000] NR_IRQS: 524544, nr_irqs: 440, preallocated irqs: 16
[    0.004000] Console: colour VGA+ 80x25
[    0.004000] console [tty1] enabled
[    0.004000] console [ttyS0] enabled
[    0.004000] ACPI: Core revision 20170831
[    0.004000] ACPI: 2 ACPI AML tables successfully acquired and loaded
[    0.004000] APIC: Switch to symmetric I/O mode setup
[    0.004000] x2apic enabled
[    0.004000] Switched APIC routing to physical x2apic.
[    0.005118] ..TIMER: vector=0x30 apic1=0 pin1=2 apic2=-1 pin2=-1
[    0.008005] tsc: Detected 3095.998 MHz processor
[    0.012012] Calibrating delay loop (skipped) preset value.. 6191.99 BogoMIPS (lpj=12383992)
[    0.014536] pid_max: default: 32768 minimum: 301
[    0.016036] Security Framework initialized
[    0.018242] Yama: becoming mindful.
[    0.020039] AppArmor: AppArmor initialized
[    0.024056] Dentry cache hash table entries: 131072 (order: 8, 1048576 bytes)
[    0.026304] Inode-cache hash table entries: 65536 (order: 7, 524288 bytes)
[    0.028018] Mount-cache hash table entries: 2048 (order: 2, 16384 bytes)
[    0.030509] Mountpoint-cache hash table entries: 2048 (order: 2, 16384 bytes)
[    0.032265] Last level iTLB entries: 4KB 64, 2MB 8, 4MB 8
[    0.036005] Last level dTLB entries: 4KB 64, 2MB 0, 4MB 0, 1GB 4
[    0.038708] Spectre V1 : Mitigation: usercopy/swapgs barriers and __user pointer sanitization
[    0.040005] Spectre V2 : Mitigation: Full generic retpoline
[    0.041182] Spectre V2 : Spectre v2 / SpectreRSB mitigation: Filling RSB on context switch
[    0.044005] Speculative Store Bypass: Vulnerable
[    0.048052] SRBDS: Unknown: Dependent on hypervisor status
[    0.052005] MDS: Mitigation: Clear CPU buffers
[    0.053933] Freeing SMP alternatives memory: 36K
[    0.167303] smpboot: CPU0: Intel(R) Core(TM) i5-7267U CPU @ 3.10GHz (family: 0x6, model: 0x8e, stepping: 0x9)
[    0.168083] Performance Events: unsupported p6 CPU model 142 no PMU driver, software events only.
[    0.170771] Hierarchical SRCU implementation.
[    0.172832] NMI watchdog: Perf event create on CPU 0 failed with -2
[    0.174609] NMI watchdog: Perf NMI watchdog permanently disabled
[    0.176062] smp: Bringing up secondary CPUs ...
[    0.177189] x86: Booting SMP configuration:
[    0.178355] .... node  #0, CPUs:      #1
[    0.004000] kvm-clock: cpu 1, msr 0:3ff44041, secondary cpu clock
[    0.188037] smp: Brought up 1 node, 2 CPUs
[    0.189552] smpboot: Max logical packages: 1
[    0.191115] smpboot: Total of 2 processors activated (12383.99 BogoMIPS)
[    0.192185] devtmpfs: initialized
[    0.196066] x86/mm: Memory block size: 128MB
[    0.204316] evm: security.selinux
[    0.206157] evm: security.SMACK64
[    0.208005] evm: security.SMACK64EXEC
[    0.209471] evm: security.SMACK64TRANSMUTE
[    0.211183] evm: security.SMACK64MMAP
[    0.212006] evm: security.apparmor
[    0.216004] evm: security.ima
[    0.217421] evm: security.capability
[    0.220288] clocksource: jiffies: mask: 0xffffffff max_cycles: 0xffffffff, max_idle_ns: 7645041785100000 ns
[    0.224025] futex hash table entries: 512 (order: 3, 32768 bytes)
[    0.229685] pinctrl core: initialized pinctrl subsystem
[    0.232135] RTC time: 10:16:45, date: 08/17/20
[    0.236091] NET: Registered protocol family 16
[    0.238261] audit: initializing netlink subsys (disabled)
[    0.240066] audit: type=2000 audit(1597659413.137:1): state=initialized audit_enabled=0 res=1
[    0.244011] cpuidle: using governor ladder
[    0.245362] cpuidle: using governor menu
[    0.248060] ACPI: bus type PCI registered
[    0.250711] acpiphp: ACPI Hot Plug PCI Controller Driver version: 0.5
[    0.252172] PCI: Using configuration type 1 for base access
[    0.256954] HugeTLB registered 2.00 MiB page size, pre-allocated 0 pages
[    0.260095] ACPI: Added _OSI(Module Device)
[    0.261405] ACPI: Added _OSI(Processor Device)
[    0.264007] ACPI: Added _OSI(3.0 _SCP Extensions)
[    0.266295] ACPI: Added _OSI(Processor Aggregator Device)
[    0.268019] ACPI: Added _OSI(Linux-Dell-Video)
[    0.269483] ACPI: Added _OSI(Linux-Lenovo-NV-HDMI-Audio)
[    0.272007] ACPI: Added _OSI(Linux-HPI-Hybrid-Graphics)
[    0.276755] ACPI: Executed 1 blocks of module-level executable AML code
[    0.285810] ACPI: Interpreter enabled
[    0.287263] ACPI: (supports S0 S5)
[    0.288007] ACPI: Using IOAPIC for interrupt routing
[    0.292215] PCI: Using host bridge windows from ACPI; if necessary, use "pci=nocrs" and report a bug
[    0.296226] ACPI: Enabled 2 GPEs in block 00 to 07
[    0.310643] ACPI: PCI Root Bridge [PCI0] (domain 0000 [bus 00-ff])
[    0.312083] acpi PNP0A03:00: _OSC: OS supports [ASPM ClockPM Segments MSI]
[    0.317420] acpi PNP0A03:00: _OSC: not requesting OS control; OS requires [ExtendedConfig ASPM ClockPM MSI]
[    0.320030] acpi PNP0A03:00: fail to add MMCONFIG information, can't access extended PCI configuration space under this bridge.
[    0.328092] PCI host bridge to bus 0000:00
[    0.332009] pci_bus 0000:00: root bus resource [io  0x0000-0x0cf7 window]
[    0.336010] pci_bus 0000:00: root bus resource [io  0x0d00-0xffff window]
[    0.340008] pci_bus 0000:00: root bus resource [mem 0x000a0000-0x000bffff window]
[    0.344009] pci_bus 0000:00: root bus resource [mem 0x40000000-0xfdffffff window]
[    0.348009] pci_bus 0000:00: root bus resource [bus 00-ff]
[    0.355156] pci 0000:00:01.1: legacy IDE quirk: reg 0x10: [io  0x01f0-0x01f7]
[    0.356008] pci 0000:00:01.1: legacy IDE quirk: reg 0x14: [io  0x03f6]
[    0.360005] pci 0000:00:01.1: legacy IDE quirk: reg 0x18: [io  0x0170-0x0177]
[    0.364008] pci 0000:00:01.1: legacy IDE quirk: reg 0x1c: [io  0x0376]
[    0.385168] pci 0000:00:07.0: quirk: [io  0x4000-0x403f] claimed by PIIX4 ACPI
[    0.388028] pci 0000:00:07.0: quirk: [io  0x4100-0x410f] claimed by PIIX4 SMB
[    0.397942] ACPI: PCI Interrupt Link [LNKA] (IRQs 5 9 10 *11)
[    0.400331] ACPI: PCI Interrupt Link [LNKB] (IRQs 5 9 *10 11)
[    0.404183] ACPI: PCI Interrupt Link [LNKC] (IRQs 5 *9 10 11)
[    0.408230] ACPI: PCI Interrupt Link [LNKD] (IRQs 5 9 10 *11)
[    0.413041] SCSI subsystem initialized
[    0.420279] pci 0000:00:02.0: vgaarb: setting as boot VGA device
[    0.422131] pci 0000:00:02.0: vgaarb: VGA device added: decodes=io+mem,owns=io+mem,locks=none
[    0.424011] pci 0000:00:02.0: vgaarb: bridge control possible
[    0.428004] vgaarb: loaded
[    0.429312] ACPI: bus type USB registered
[    0.431218] usbcore: registered new interface driver usbfs
[    0.432022] usbcore: registered new interface driver hub
[    0.434401] usbcore: registered new device driver usb
[    0.436086] EDAC MC: Ver: 3.0.0
[    0.440745] PCI: Using ACPI for IRQ routing
[    0.441646] NetLabel: Initializing
[    0.442624] NetLabel:  domain hash size = 128
[    0.444003] NetLabel:  protocols = UNLABELED CIPSOv4 CALIPSO
[    0.448025] NetLabel:  unlabeled traffic allowed by default
[    0.452064] clocksource: Switched to clocksource kvm-clock
[    0.469062] VFS: Disk quotas dquot_6.6.0
[    0.470611] VFS: Dquot-cache hash table entries: 512 (order 0, 4096 bytes)
[    0.474757] AppArmor: AppArmor Filesystem Enabled
[    0.476190] pnp: PnP ACPI init
[    0.478494] pnp: PnP ACPI: found 3 devices
[    0.493784] clocksource: acpi_pm: mask: 0xffffff max_cycles: 0xffffff, max_idle_ns: 2085701024 ns
[    0.499324] NET: Registered protocol family 2
[    0.500939] TCP established hash table entries: 8192 (order: 4, 65536 bytes)
[    0.503170] TCP bind hash table entries: 8192 (order: 5, 131072 bytes)
[    0.507539] TCP: Hash tables configured (established 8192 bind 8192)
[    0.510249] UDP hash table entries: 512 (order: 2, 16384 bytes)
[    0.515010] UDP-Lite hash table entries: 512 (order: 2, 16384 bytes)
[    0.516866] NET: Registered protocol family 1
[    0.518300] pci 0000:00:00.0: Limiting direct PCI/PCI transfers
[    0.521310] pci 0000:00:01.0: Activating ISA DMA hang workarounds
[    0.523448] pci 0000:00:02.0: Video device with shadowed ROM at [mem 0x000c0000-0x000dffff]
[    0.525313] Unpacking initramfs...
[    0.875771] Freeing initrd memory: 19212K
[    0.877427] clocksource: tsc: mask: 0xffffffffffffffff max_cycles: 0x2ca082f6619, max_idle_ns: 440795220240 ns
[    0.882462] platform rtc_cmos: registered platform RTC device (no PNP device found)
[    0.884673] Scanning for low memory corruption every 60 seconds
[    0.887579] Initialise system trusted keyrings
[    0.889365] Key type blacklist registered
[    0.890828] workingset: timestamp_bits=36 max_order=18 bucket_order=0
[    0.894814] zbud: loaded
[    0.897335] squashfs: version 4.0 (2009/01/31) Phillip Lougher
[    0.900834] fuse init (API version 7.26)
[    0.907421] Key type asymmetric registered
[    0.908576] Asymmetric key parser 'x509' registered
[    0.910291] Block layer SCSI generic (bsg) driver version 0.4 loaded (major 246)
[    0.916462] io scheduler noop registered
[    0.917766] io scheduler deadline registered
[    0.918854] io scheduler cfq registered (default)
[    0.922367] ACPI: AC Adapter [AC] (on-line)
[    0.923703] input: Power Button as /devices/LNXSYSTM:00/LNXPWRBN:00/input/input0
[    0.925877] ACPI: Power Button [PWRF]
[    0.927859] input: Sleep Button as /devices/LNXSYSTM:00/LNXSLPBN:00/input/input1
[    0.932237] ACPI: Sleep Button [SLPF]
[    0.934817] ACPI: Battery Slot [BAT0] (battery present)
[    0.936370] Serial: 8250/16550 driver, 32 ports, IRQ sharing enabled
[    0.961331] 00:02: ttyS0 at I/O 0x3f8 (irq = 4, base_baud = 115200) is a 16550A
[    0.966261] Linux agpgart interface v0.103
[    0.968996] loop: module loaded
[    0.970852] scsi host0: ata_piix
[    0.971903] scsi host1: ata_piix
[    0.973567] ata1: PATA max UDMA/33 cmd 0x1f0 ctl 0x3f6 bmdma 0xd000 irq 14
[    0.975090] ata2: PATA max UDMA/33 cmd 0x170 ctl 0x376 bmdma 0xd008 irq 15
[    0.977485] libphy: Fixed MDIO Bus: probed
[    0.978524] tun: Universal TUN/TAP device driver, 1.6
[    0.980709] PPP generic driver version 2.4.2
[    0.983162] ehci_hcd: USB 2.0 'Enhanced' Host Controller (EHCI) Driver
[    0.986232] ehci-pci: EHCI PCI platform driver
[    0.987446] ehci-platform: EHCI generic platform driver
[    0.988736] ohci_hcd: USB 1.1 'Open' Host Controller (OHCI) Driver
[    0.990023] ohci-pci: OHCI PCI platform driver
[    0.990970] ohci-platform: OHCI generic platform driver
[    0.992979] uhci_hcd: USB Universal Host Controller Interface driver
[    0.998724] i8042: PNP: PS/2 Controller [PNP0303:PS2K,PNP0f03:PS2M] at 0x60,0x64 irq 1,12
[    1.002512] serio: i8042 KBD port at 0x60,0x64 irq 1
[    1.003993] serio: i8042 AUX port at 0x60,0x64 irq 12
[    1.006115] mousedev: PS/2 mouse device common for all mice
[    1.008476] input: AT Translated Set 2 keyboard as /devices/platform/i8042/serio0/input/input2
[    1.012025] rtc_cmos rtc_cmos: rtc core: registered rtc_cmos as rtc0
[    1.015679] rtc_cmos rtc_cmos: alarms up to one day, 114 bytes nvram
[    1.019121] i2c /dev entries driver
[    1.020347] device-mapper: uevent: version 1.0.3
[    1.021778] device-mapper: ioctl: 4.37.0-ioctl (2017-09-20) initialised: dm-devel@redhat.com
[    1.023781] ledtrig-cpu: registered to indicate activity on CPUs
[    1.026364] NET: Registered protocol family 10
[    1.033359] Segment Routing with IPv6
[    1.034852] NET: Registered protocol family 17
[    1.036226] Key type dns_resolver registered
[    1.037397] mce: Using 0 MCE banks
[    1.038263] RAS: Correctable Errors collector initialized.
[    1.039599] sched_clock: Marking stable (1037330268, 0)->(1521070579, -483740311)
[    1.043912] registered taskstats version 1
[    1.045028] Loading compiled-in X.509 certificates
[    1.051117] Loaded X.509 cert 'Build time autogenerated kernel key: 1d4b83cbc5f7a3cd7e4471a5cf69d65d9314bdf5'
[    1.054598] zswap: loaded using pool lzo/zbud
[    1.059589] Key type big_key registered
[    1.060837] Key type trusted registered
[    1.064817] Key type encrypted registered
[    1.068214] AppArmor: AppArmor sha1 policy hashing enabled
[    1.069768] ima: No TPM chip found, activating TPM-bypass! (rc=-19)
[    1.071143] ima: Allocated hash algorithm: sha1
[    1.072130] evm: HMAC attrs: 0x1
[    1.073428]   Magic number: 0:70:275
[    1.075033] tty tty12: hash matches
[    1.075792] edac mc: hash matches
[    1.076639] rtc_cmos rtc_cmos: setting system clock to 2020-08-17 10:16:46 UTC (1597659406)
[    1.080585] BIOS EDD facility v0.16 2004-Jun-25, 0 devices found
[    1.083373] EDD information not available.
[    1.208654] Freeing unused kernel image memory: 2436K
[    1.220859] Write protecting the kernel read-only data: 20480k
[    1.224493] Freeing unused kernel image memory: 2008K
[    1.226912] Freeing unused kernel image memory: 1872K
[    1.236877] x86/mm: Checked W+X mappings: passed, no W+X pages found.
[    1.241965] x86/mm: Checking user space page tables
[    1.251427] x86/mm: Checked W+X mappings: passed, no W+X pages found.
Loading, please wait...
starting version 237
[    1.338105] e1000: Intel(R) PRO/1000 Network Driver - version 7.3.21-k8-NAPI
[    1.340977] e1000: Copyright (c) 1999-2006 Intel Corporation.
[    1.351328] Fusion MPT base driver 3.04.20
[    1.353222] Copyright (c) 1999-2008 LSI Corporation
[    1.383015] Fusion MPT SPI Host driver 3.04.20
[    1.385440] AVX2 version of gcm_enc/dec engaged.
[    1.391965] AES CTR mode by8 optimization enabled
[    1.393429] mptbase: ioc0: Initiating bringup
[    1.640423] input: ImExPS/2 Generic Explorer Mouse as /devices/platform/i8042/serio1/input/input4
[    1.648492] ioc0: LSI53C1030 A0: Capabilities={Initiator}
[    4.381442] scsi host2: ioc0: LSI53C1030 A0, FwRev=00000000h, Ports=1, MaxQ=256, IRQ=20
[    6.528770] scsi 2:0:0:0: Direct-Access     VBOX     HARDDISK         1.0  PQ: 0 ANSI: 5
[    7.121876] scsi target2:0:0: Beginning Domain Validation
[    7.164858] scsi target2:0:0: Domain Validation skipping write tests
[    7.167594] scsi target2:0:0: Ending Domain Validation
[    7.170142] scsi target2:0:0: asynchronous
[    7.186035] scsi 2:0:1:0: Direct-Access     VBOX     HARDDISK         1.0  PQ: 0 ANSI: 5
[    7.508880] scsi target2:0:1: Beginning Domain Validation
[    7.512523] random: fast init done
[    7.514961] scsi target2:0:1: Domain Validation skipping write tests
[    7.516456] scsi target2:0:1: Ending Domain Validation
[    7.517667] scsi target2:0:1: asynchronous
[    7.524841] random: systemd-udevd: uninitialized urandom read (16 bytes read)
[    7.524905] sd 2:0:0:0: Attached scsi generic sg0 type 0
[    7.538094] sd 2:0:1:0: Attached scsi generic sg1 type 0
[    7.539917] sd 2:0:0:0: [sda] 20971520 512-byte logical blocks: (10.7 GB/10.0 GiB)
[    7.542899] sd 2:0:0:0: [sda] Write Protect is off
[    7.545623] random: systemd-udevd: uninitialized urandom read (16 bytes read)
[    7.545680] sd 2:0:0:0: [sda] Incomplete mode parameter data
[    7.548197] random: systemd-udevd: uninitialized urandom read (16 bytes read)
[    7.549391] sd 2:0:0:0: [sda] Assuming drive cache: write through
[    7.554327] sd 2:0:1:0: [sdb] 20480 512-byte logical blocks: (10.5 MB/10.0 MiB)
[    7.556809] sd 2:0:1:0: [sdb] Write Protect is off
[    7.559370] sd 2:0:1:0: [sdb] Incomplete mode parameter data
[    7.561160] sd 2:0:1:0: [sdb] Assuming drive cache: write through
[    7.565653]  sda: sda1
[    7.567225] e1000 0000:00:03.0 eth0: (PCI:33MHz:32-bit) 02:95:95:10:ca:f7
[    7.570206] e1000 0000:00:03.0 eth0: Intel(R) PRO/1000 Network Connection
[    7.573680] sd 2:0:0:0: [sda] Attached SCSI disk
[    7.574411] e1000 0000:00:03.0 enp0s3: renamed from eth0
[    7.575062] sd 2:0:1:0: [sdb] Attached SCSI disk
Begin: Loading essential drivers ... [    9.188519] raid6: sse2x1   gen()  4438 MB/s
[    9.238048] raid6: sse2x1   xor()  2750 MB/s
[    9.288711] raid6: sse2x2   gen()  5004 MB/s
[    9.336313] raid6: sse2x2   xor()  1589 MB/s
[    9.384147] raid6: sse2x4   gen()  4625 MB/s
[    9.432216] raid6: sse2x4   xor()  3803 MB/s
[    9.480532] raid6: avx2x1   gen() 16400 MB/s
[    9.528073] raid6: avx2x1   xor() 13982 MB/s
[    9.576092] raid6: avx2x2   gen() 22667 MB/s
[    9.624366] raid6: avx2x2   xor() 14054 MB/s
[    9.672217] raid6: avx2x4   gen() 21051 MB/s
[    9.720269] raid6: avx2x4   xor() 13402 MB/s
[    9.721589] raid6: using algorithm avx2x2 gen() 22667 MB/s
[    9.723209] raid6: .... xor() 14054 MB/s, rmw enabled
[    9.725758] raid6: using avx2x2 recovery algorithm
[    9.729271] xor: automatically using best checksumming function   avx       
[    9.734009] async_tx: api initialized (async)
done.
Begin: Running /scripts/init-premount ... done.
Begin: Mounting root file system ... Begin: Running /scripts/local-top ... done.
Begin: Running /scripts/local-premount ... [    9.784762] Btrfs loaded, crc32c=crc32c-intel
Scanning for Btrfs filesystems
done.
Warning: fsck not present, so skipping root file system
[    9.916260] EXT4-fs (sda1): mounted filesystem with ordered data mode. Opts: (null)
done.
Begin: Running /scripts/local-bottom ... done.
Begin: Running /scripts/init-bottom ... done.
[   10.632705] ip_tables: (C) 2000-2006 Netfilter Core Team
[   10.785079] systemd[1]: systemd 237 running in system mode. (+PAM +AUDIT +SELINUX +IMA +APPARMOR +SMACK +SYSVINIT +UTMP +LIBCRYPTSETUP +GCRYPT +GNUTLS +ACL +XZ +LZ4 +SECCOMP +BLKID +ELFUTILS +KMOD -IDN2 +IDN -PCRE2 default-hierarchy=hybrid)
[   10.791114] systemd[1]: Detected virtualization oracle.
[   10.793107] systemd[1]: Detected architecture x86-64.

Welcome to [1mUbuntu 18.04.5 LTS[0m!

[   10.827744] systemd[1]: Set hostname to <ubuntu>.
[   10.912918] systemd[1]: Initializing machine ID from random generator.
[   10.915236] systemd[1]: Installed transient /etc/machine-id file.
[   11.396523] random: crng init done
[   11.398895] random: 7 urandom warning(s) missed due to ratelimiting
[   11.756883] systemd[1]: Created slice System Slice.
[[0;32m  OK  [0m] Created slice System Slice.
[   11.759140] systemd[1]: Listening on Syslog Socket.
[[0;32m  OK  [0m] Listening on Syslog Socket.
[   11.762286] systemd[1]: Listening on Journal Socket.
[[0;32m  OK  [0m] Listening on Journal Socket.
[   11.765579] systemd[1]: Listening on LVM2 metadata daemon socket.
[[0;32m  OK  [0m] Listening on LVM2 metadata daemon socket.
[[0;32m  OK  [0m] Listening on /dev/initctl Compatibility Named Pipe.
         Mounting POSIX Message Queue File System...
[[0;32m  OK  [0m] Created slice system-serial\x2dgetty.slice.
[[0;32m  OK  [0m] Listening on Journal Audit Socket.
[[0;32m  OK  [0m] Listening on udev Control Socket.
[[0;32m  OK  [0m] Listening on udev Kernel Socket.
         Starting udev Coldplug all Devices...
[[0;32m  OK  [0m] Set up automount Arbitrary Executabâ€¦rmats File System Automount Point.
[[0;32m  OK  [0m] Listening on Network Service Netlink Socket.
[[0;32m  OK  [0m] Reached target Swap.
[[0;32m  OK  [0m] Reached target System Time Synchronized.
[[0;32m  OK  [0m] Listening on Device-mapper event daemon FIFOs.
         Starting Monitoring of LVM2 mirrorsâ€¦ng dmeventd or progress polling...
[[0;32m  OK  [0m] Listening on Journal Socket (/dev/log).
         Mounting Kernel Debug File System...
[[0;32m  OK  [0m] Started Forward Password Requests to Wall Directory Watch.
[[0;32m  OK  [0m] Created slice User and Session Slice.
         Starting Load Kernel Modules...
         Starting Create list of required stâ€¦ce nodes for the current kernel...
         Starting Uncomplicated firewall...
[[0;32m  OK  [0m] Reached target Slices.
         Starting Set the console keyboard layout...
[[0;32m  OK  [0m] Reached target User and Group Name Lookups.
         Mounting Huge Pages File System...
[[0;32m  OK  [0m] Listening on LVM2 poll daemon socket.
         Starting Remount Root and Kernel File Systems...
         Starting Journal Service...
[[0;32m  OK  [0m] Mounted POSIX Message Queue File System.
[[0;32m  OK  [0m] Mounted Kernel Debug File System.
[[0;32m  OK  [0m] Mounted Huge Pages File System.
[[0;32m  OK  [0m] Started udev Coldplug all Devices.
[   12.130322] Loading iSCSI transport class v2.0-870.
[   12.146954] iscsi: registered transport (tcp)
[[0;32m  OK  [0m] Started Create list of required staâ€¦vice nodes for the current kernel.
         Starting Create Static Device Nodes in /dev...
[[0;32m  OK  [0m] Started Uncomplicated firewall.
[   12.227149] EXT4-fs (sda1): re-mounted. Opts: (null)
[[0;32m  OK  [0m] Started Remount Root and Kernel File Systems.
[   12.292105] iscsi: registered transport (iser)
         Starting Load/Save Random Seed...
[[0;32m  OK  [0m] Started Journal Service.
[[0;32m  OK  [0m] Started Load Kernel Modules.
[[0;32m  OK  [0m] Started LVM2 metadata daemon.
         Starting Apply Kernel Variables...
         Mounting Kernel Configuration File System...
         Mounting FUSE Control File System...
         Starting Flush Journal to Persistent Storage...
[[0;32m  OK  [0m] Mounted Kernel Configuration File System.
[[0;32m  OK  [0m] Mounted FUSE Control File System.
[[0;32m  OK  [0m] Started Create Static Device Nodes in /dev.
[[0;32m  OK  [0m] Started Load/Save Random Seed.
         Starting udev Kernel Device Manager...
[   12.481834] systemd-journald[396]: Received request to flush runtime journal from PID 1
[[0;32m  OK  [0m] Started Set the console keyboard layout.
[[0;32m  OK  [0m] Started Monitoring of LVM2 mirrors,â€¦sing dmeventd or progress polling.
[[0;32m  OK  [0m] Started Apply Kernel Variables.
[[0;32m  OK  [0m] Reached target Local File Systems (Pre).
[[0;32m  OK  [0m] Reached target Local File Systems.
         Starting Tell Plymouth To Write Out Runtime Data...
         Starting AppArmor initialization...
         Starting Commit a transient machine-id on disk...
         Starting Set console font and keymap...
         Starting ebtables ruleset management...
[[0;32m  OK  [0m] Started Flush Journal to Persistent Storage.
         Starting Create Volatile Files and Directories...
[[0;32m  OK  [0m] Started Tell Plymouth To Write Out Runtime Data.
[[0;32m  OK  [0m] Started Set console font and keymap.
[[0;32m  OK  [0m] Started Create Volatile Files and Directories.
         Starting Update UTMP about System Boot/Shutdown...
[[0;32m  OK  [0m] Started udev Kernel Device Manager.
[[0;32m  OK  [0m] Started Dispatch Password Requests to Console Directory Watch.
[[0;32m  OK  [0m] Reached target Local Encrypted Volumes.
[[0;32m  OK  [0m] Started Update UTMP about System Boot/Shutdown.
[[0;32m  OK  [0m] Started Commit a transient machine-id on disk.
[[0;32m  OK  [0m] Started ebtables ruleset management.
[[0;32m  OK  [0m] Found device /dev/ttyS0.
[[0;32m  OK  [0m] Listening on Load/Save RF Kill Switch Status /dev/rfkill Watch.
[[0;32m  OK  [0m] Started AppArmor initialization.
         Starting Initial cloud-init job (pre-networking)...
         Starting Load AppArmor profiles managed internally by snapd...
[[0;32m  OK  [0m] Started Load AppArmor profiles managed internally by snapd.
[   18.193307] cloud-init[546]: Cloud-init v. 20.2-45-g5f7825e2-0ubuntu1~18.04.1 running 'init-local' at Mon, 17 Aug 2020 10:17:02 +0000. Up 17.53 seconds.
[[0;32m  OK  [0m] Started Initial cloud-init job (pre-networking).
[[0;32m  OK  [0m] Reached target Network (Pre).
         Starting Network Service...
[[0;32m  OK  [0m] Started Network Service.
         Starting Network Name Resolution...
         Starting Wait for Network to be Configured...
[[0;32m  OK  [0m] Started Network Name Resolution.
[[0;32m  OK  [0m] Reached target Host and Network Name Lookups.
[[0;32m  OK  [0m] Reached target Network.
[[0;32m  OK  [0m] Started Wait for Network to be Configured.
         Starting Initial cloud-init job (metadata service crawler)...
[   22.708950] cloud-init[666]: Cloud-init v. 20.2-45-g5f7825e2-0ubuntu1~18.04.1 running 'init' at Mon, 17 Aug 2020 10:17:07 +0000. Up 22.40 seconds.
[   22.723901] cloud-init[666]: ci-info: ++++++++++++++++++++++++++++++++++++++Net device info++++++++++++++++++++++++++++++++++++++
[   22.729082] cloud-init[666]: ci-info: +--------+------+----------------------------+---------------+--------+-------------------+
[   22.732595] cloud-init[666]: ci-info: | Device |  Up  |          Address           |      Mask     | Scope  |     Hw-Address    |
[   22.737231] cloud-init[666]: ci-info: +--------+------+----------------------------+---------------+--------+-------------------+
[   22.744962] cloud-init[666]: ci-info: | enp0s3 | True |         10.0.2.15          | 255.255.255.0 | global | 02:95:95:10:ca:f7 |
[   22.751757] cloud-init[666]: ci-info: | enp0s3 | True | fe80::95:95ff:fe10:caf7/64 |       .       |  link  | 02:95:95:10:ca:f7 |
[   22.756796] cloud-init[666]: ci-info: |   lo   | True |         127.0.0.1          |   255.0.0.0   |  host  |         .         |
[   22.761075] cloud-init[666]: ci-info: |   lo   | True |          ::1/128           |       .       |  host  |         .         |
[   22.766395] cloud-init[666]: ci-info: +--------+------+----------------------------+---------------+--------+-------------------+
[   22.770285] cloud-init[666]: ci-info: ++++++++++++++++++++++++++++Route IPv4 info+++++++++++++++++++++++++++++
[   22.774948] cloud-init[666]: ci-info: +-------+-------------+----------+-----------------+-----------+-------+
[   22.779728] cloud-init[666]: ci-info: | Route | Destination | Gateway  |     Genmask     | Interface | Flags |
[   22.794618] cloud-init[666]: ci-info: +-------+-------------+----------+-----------------+-----------+-------+
[   22.798566] cloud-init[666]: ci-info: |   0   |   0.0.0.0   | 10.0.2.2 |     0.0.0.0     |   enp0s3  |   UG  |
[   22.801732] cloud-init[666]: ci-info: |   1   |   10.0.2.0  | 0.0.0.0  |  255.255.255.0  |   enp0s3  |   U   |
[   22.820600] cloud-init[666]: ci-info: |   2   |   10.0.2.2  | 0.0.0.0  | 255.255.255.255 |   enp0s3  |   UH  |
[   22.822963] cloud-init[666]: ci-info: +-------+-------------+----------+-----------------+-----------+-------+
[   22.840585] cloud-init[666]: ci-info: +++++++++++++++++++Route IPv6 info+++++++++++++++++++
[   22.847476] cloud-init[666]: ci-info: +-------+-------------+---------+-----------+-------+
[   22.850821] cloud-init[666]: ci-info: | Route | Destination | Gateway | Interface | Flags |
[   22.855396] cloud-init[666]: ci-info: +-------+-------------+---------+-----------+-------+
[   22.857704] cloud-init[666]: ci-info: |   1   |  fe80::/64  |    ::   |   enp0s3  |   U   |
[   22.862417] cloud-init[666]: ci-info: |   3   |    local    |    ::   |   enp0s3  |   U   |
[   22.864497] cloud-init[666]: ci-info: |   4   |   ff00::/8  |    ::   |   enp0s3  |   U   |
[   22.868209] cloud-init[666]: ci-info: +-------+-------------+---------+-----------+-------+
[   24.370635] cloud-init[666]: Generating public/private rsa key pair.
[   24.372903] cloud-init[666]: Your identification has been saved in /etc/ssh/ssh_host_rsa_key.
[   24.375416] cloud-init[666]: Your public key has been saved in /etc/ssh/ssh_host_rsa_key.pub.
[   24.380498] cloud-init[666]: The key fingerprint is:
[   24.382562] cloud-init[666]: SHA256:xjCQMCpZ6Ns/j7ihOnN6OZm7j3LHPjK6202xYfgMMpo root@ubuntu-bionic
[   24.384952] cloud-init[666]: The key's randomart image is:
[   24.386265] cloud-init[666]: +---[RSA 2048]----+
[   24.388541] cloud-init[666]: | .+...           |
[   24.391110] cloud-init[666]: |.+ ...           |
[   24.394251] cloud-init[666]: |=     o          |
[   24.396404] cloud-init[666]: |.. .   +         |
[   24.397530] cloud-init[666]: |o = +   S        |
[   24.399843] cloud-init[666]: |.= * + .         |
[   24.412415] cloud-init[666]: |E  **            |
[   24.414265] cloud-init[666]: |+.%+*o.          |
[   24.415672] cloud-init[666]: |B&=%=oo.         |
[   24.417298] cloud-init[666]: +----[SHA256]-----+
[   24.418676] cloud-init[666]: Generating public/private dsa key pair.
[   24.423597] cloud-init[666]: Your identification has been saved in /etc/ssh/ssh_host_dsa_key.
[   24.426854] cloud-init[666]: Your public key has been saved in /etc/ssh/ssh_host_dsa_key.pub.
[   24.431257] cloud-init[666]: The key fingerprint is:
[   24.432822] cloud-init[666]: [[0;32m  OK  [0m] Started Initial cloud-init job (metadata service crawler).
SHA256:tMG90Ij106MaM8TRrcTK4X9rQpZpAsRhZNHKxC75c38 root@ubuntu-bionic
[   24.452487] [[0;32m  OK  [0m] Reached target Cloud-config availability.
[[0;32m  OK  [0m] Reached target Network is Online.
cloud-init[666]: The key's randomart image is:
[[0;32m  OK  [0m] Reached target Remote File Systems (Pre).
[   24.473184] [[0;32m  OK  [0m] Reached target Remote File Systems.
         Starting Availability of block devices...
[[0;32m  OK  [0m] Reached target System Initialization.
cloud-init[666]: +---[DSA 1024]----+
[[0;32m  OK  [0m] Started Discard unused blocks once a week.
[   24.494611] cloud-init[666]: |     +*+oo .     |
         Starting Socket activation for snappy daemon.
[   24.501339] [[0;32m  OK  [0m] Listening on Open-iSCSI iscsid Socket.
[[0;32m  OK  [0m] Started ACPI Events Check.
[[0;32m  OK  [0m] Listening on UUID daemon activation socket.
cloud-init[666]: [[0;32m  OK  [0m] Started Message of the Day.
[[0;32m  OK  [0m] Listening on ACPID Listen Socket.
[[0;32m  OK  [0m] Reached target Paths.
|     o==o*+..    |
         Starting LXD - unix socket.
[[0;32m  OK  [0m] Started Daily apt download activities.
[[0;32m  OK  [0m] Started Daily apt upgrade and clean activities.
[[0;32m  OK  [0m] Started Daily Cleanup of Temporary Directories.
[[0;32m  OK  [0m] Reached target Timers.
[[0;32m  OK  [0m] Listening on D-Bus System Message Bus Socket.
[   24.518925] cloud-init[666]: [[0;32m  OK  [0m] Started Availability of block devices.
[[0;32m  OK  [0m] Listening on Socket activation for snappy daemon.
[[0;32m  OK  [0m] Listening on LXD - unix socket.
[[0;32m  OK  [0m] Reached target Sockets.
[[0;32m  OK  [0m] Reached target Basic System.
|     *.+O+=.o    |
[   24.554496] [[0;32m  OK  [0m] Started Deferred execution scheduler.
         Starting Login Service...
cloud-init[666]: |    o =o++.+ .   |
[   24.560634] cloud-init[666]: |     o .S.oo     |
[   24.564384] cloud-init[666]: |      o o=B .    |
[   24.566262] cloud-init[666]: |       o.* . .   |
[   24.568370] cloud-init[666]: |          o E    |
[   24.570495] cloud-init[666]: |           +     |
[   24.573898] [[0;32m  OK  [0m] Started Regular background program processing daemon.
         Starting LSB: automatic crash report generation...
[[0;32m  OK  [0m] Started D-Bus System Message Bus.
cloud-init[666]: +----[SHA256]-----+
[   24.585855] cloud-init[666]: Generating public/private ecdsa key pair.
[   24.589959] cloud-init[666]: Your identification has been saved in /etc/ssh/ssh_host_ecdsa_key.
[   24.593968] cloud-init[666]: Your public key has been saved in /etc/ssh/ssh_host_ecdsa_key.pub.
[   24.599840] cloud-init[666]: The key fingerprint is:
[   24.604603] cloud-init[666]: SHA256:C39PQ8r1ySLausK3V/X0+ZW8/2WUrfya5V9yvgvlzvk root@ubuntu-bionic
[   24.609581] cloud-init[666]: The key's randomart image is:
[   24.611384] cloud-init[666]: +---[ECDSA 256]---+
[   24.613560] cloud-init[666]: |                 |
[   24.615819] cloud-init[666]: |                 |
[   24.618520] cloud-init[666]: |                 |
[   24.621422] cloud-init[666]: |              . +|
[   24.626196] cloud-init[666]: |      . S   o..=*|
[   24.640448] cloud-init[666]: |       o o +.+oB+|
         Starting Dispatcher daemon for systemd-networkd...
[   24.658109] cloud-init[666]: |     .  o =.+.B.X|         Starting LSB: Record successful boot for GRUB...
         Starting Virtualbox guest utils...
         Starting Permit User Sessions...
[[0;32m  OK  [0m] Started irqbalance daemon.
         Starting System Logging Service...
         Starting LXD - container startup/shutdown...

[   24.675333] cloud-init[666]: |      o .+.+ o+@=|
[   24.684592] cloud-init[666]: |       o==. . oBE|
[   24.693978]          Starting Pollinate to seed the pseudo random number generator...
cloud-init[666]: +----[SHA256]-----+
         Starting Accounts Service...
[   24.698154] cloud-init[666]: Generating public/private ed25519 key pair.[[0;32m  OK  [0m] Started FUSE filesystem for LXC.

[   24.710830] cloud-init[666]: Your identification has been saved in /etc/ssh/ssh_host_ed25519_key.
[   24.721198] cloud-init[666]: Your public key has been saved in /etc/ssh/ssh_host_ed25519_key.pub.
[   24.745088] cloud-init[666]: The key fingerprint is:
         Starting Snap Daemon...
[[0;32m  OK  [0m] Started Permit User Sessions.
[   24.771218] cloud-init[666]: [[0;32m  OK  [0m] Started Login Service.
[[0;32m  OK  [0m] Started Unattended Upgrades Shutdown.
         Starting Terminate Plymouth Boot Screen...
SHA256:+TDkxSJQPl30cpJz93LkfZljexVKyupGIYC7/0mTEZ4 root@ubuntu-bionic
         Starting Hold until boot process finishes up...
[   24.822098] cloud-init[666]: The key's randomart image is:
[[0;32m  OK  [0m] Started System Logging Service.
[   24.837491] cloud-init[666]: +--[ED25519 256]--+
[   24.853799] cloud-init[666]: |    o..  .o      |
[[0;32m  OK  [0m] Started Terminate Plymouth Boot Screen.
[   24.859272] cloud-init[666]: |   . + . o o     |
[[0;32m  OK  [0m] Started Hold until boot process finishes up.
[   24.864000] cloud-init[666]: |    . =.+ B +....|
[[0;32m  OK  [0m] Started Serial Getty on ttyS0.
[   24.882093] cloud-init[666]: |   .  .*o=.*o..+=|
[   24.883416]          Starting Set console scheme...
cloud-init[666]: |    .  ES .o ..=B|
[   24.891862] cloud-init[666]: |   .    o=.   .o=|
[   24.893723] cloud-init[666]: |    .  +...    ..|
[   24.895646] cloud-init[666]: |     .. +.      .|
[   24.912905] cloud-init[666]: |      .o..       |
[   24.915022] cloud-init[666]: +----[SHA256]-----+
[[0;32m  OK  [0m] Started Set console scheme.
[[0;32m  OK  [0m] Started LSB: automatic crash report generation.
[[0;32m  OK  [0m] Created slice system-getty.slice.
[[0;32m  OK  [0m] Started Getty on tty1.
[[0;32m  OK  [0m] Reached target Login Prompts.
         Starting Authorization Manager...
[[0;32m  OK  [0m] Started LSB: Record successful boot for GRUB.
[[0;32m  OK  [0m] Started Virtualbox guest utils.
[[0;32m  OK  [0m] Started Authorization Manager.
[[0;32m  OK  [0m] Started Accounts Service.
[[0;32m  OK  [0m] Started LXD - container startup/shutdown.
[[0;32m  OK  [0m] Started Dispatcher daemon for systemd-networkd.
[[0;32m  OK  [0m] Started Snap Daemon.
         Starting Wait until snapd is fully seeded...
[[0;32m  OK  [0m] Started Pollinate to seed the pseudo random number generator.
         Starting OpenBSD Secure Shell server...
[[0;32m  OK  [0m] Started OpenBSD Secure Shell server.
[[0;32m  OK  [0m] Created slice User Slice of vagrant.
         Starting User Manager for UID 1000...
[[0;32m  OK  [0m] Started Session 1 of user vagrant.
[[0;32m  OK  [0m] Started User Manager for UID 1000.

Ubuntu 18.04.5 LTS ubuntu-bionic ttyS0

ubuntu-bionic login: [[0;32m  OK  [0m] Started Wait until snapd is fully seeded.
[[0;32m  OK  [0m] Reached target Multi-User System.
[[0;32m  OK  [0m] Reached target Graphical Interface.
         Starting Update UTMP about System Runlevel Changes...
         Starting Apply the settings specified in cloud-config...
[[0;32m  OK  [0m] Started Update UTMP about System Runlevel Changes.
[   40.466229] cloud-init[1762]: Cloud-init v. 20.2-45-g5f7825e2-0ubuntu1~18.04.1 running 'modules:config' at Mon, 17 Aug 2020 10:17:25 +0000. Up 39.62 seconds.
[[0;32m  OK  [0m] Started Apply the settings specified in cloud-config.
         Starting Execute cloud user/final scripts...
ci-info: no authorized SSH keys fingerprints found for user ubuntu.
<14>Aug 17 10:17:26 ec2: 
<14>Aug 17 10:17:26 ec2: #############################################################
<14>Aug 17 10:17:26 ec2: -----BEGIN SSH HOST KEY FINGERPRINTS-----
<14>Aug 17 10:17:26 ec2: 1024 SHA256:tMG90Ij106MaM8TRrcTK4X9rQpZpAsRhZNHKxC75c38 root@ubuntu-bionic (DSA)
<14>Aug 17 10:17:26 ec2: 256 SHA256:C39PQ8r1ySLausK3V/X0+ZW8/2WUrfya5V9yvgvlzvk root@ubuntu-bionic (ECDSA)
<14>Aug 17 10:17:26 ec2: 256 SHA256:+TDkxSJQPl30cpJz93LkfZljexVKyupGIYC7/0mTEZ4 root@ubuntu-bionic (ED25519)
<14>Aug 17 10:17:26 ec2: 2048 SHA256:xjCQMCpZ6Ns/j7ihOnN6OZm7j3LHPjK6202xYfgMMpo root@ubuntu-bionic (RSA)
<14>Aug 17 10:17:26 ec2: -----END SSH HOST KEY FINGERPRINTS-----
<14>Aug 17 10:17:26 ec2: #############################################################
-----BEGIN SSH HOST KEY KEYS-----
ecdsa-sha2-nistp256 AAAAE2VjZHNhLXNoYTItbmlzdHAyNTYAAAAIbmlzdHAyNTYAAABBBPDMb6pu8/Fa3ejJ+bIhWWvk2r5vl0+x8D6aHjPEru7rtK8xXzV1NmQrGlBQ+kuLj8a5gQke+h2OMrDkcpuu1XU= root@ubuntu-bionic
ssh-ed25519 AAAAC3NzaC1lZDI1NTE5AAAAIKJHPtLbCCINf2wd0OmO8Fr7xQykZizNLaAW5lQJ8dlh root@ubuntu-bionic
ssh-rsa AAAAB3NzaC1yc2EAAAADAQABAAABAQDII+hD+EJ3kKy47gMREjmOTi6YXQHfEIPjjJBGHUnsoH2kWwhqz5d3j9MohRXjgiADChgKJ+i2PyrFr1VnsaoS8SvWA2g8GgTk9V9YFVwdHCuLTyqN0MLH5NKy0rf/LV62vfaXWwtdINdWywPplLQuMNflbxi5QMw0vDTtP4q+Bc+cXiOg1XOr601RbLNPdglkivvgo/ntuAMB0BpcY3jV7h7HbY5mEv+bQgHUsgDK2TQ74S9v+oh5qnxJhOD8aK1Rf2HfbJGTGtgVFmXxztSJvfyotJ92m3TJ+4dtdXB57vWImxBWatUE+2PPFa3jFmaNB36Y7zyIuMnB3oZRQFUB root@ubuntu-bionic
-----END SSH HOST KEY KEYS-----
[   41.379517] cloud-init[1813]: Cloud-init v. 20.2-45-g5f7825e2-0ubuntu1~18.04.1 running 'modules:final' at Mon, 17 Aug 2020 10:17:26 +0000. Up 40.99 seconds.
[   41.385790] cloud-init[1813]: ci-info: no authorized SSH keys fingerprints found for user ubuntu.
[   41.389060] cloud-init[1813]: Cloud-init v. 20.2-45-g5f7825e2-0ubuntu1~18.04.1 finished at Mon, 17 Aug 2020 10:17:26 +0000. Datasource DataSourceNoCloud [seed=/dev/sdb][dsmode=net].  Up 41.35 seconds
[[0;32m  OK  [0m] Started Execute cloud user/final scripts.
[[0;32m  OK  [0m] Reached target Cloud-init target.
